// Jest Snapshot v1, https://jestjs.io/docs/snapshot-testing

exports[`matchNameToAccess custom exact match org-prod returns prod 1`] = `"prod"`;

exports[`matchNameToAccess custom glob match *-prod matches myorg-prod 1`] = `"prod"`;

exports[`matchNameToAccess custom glob match myorg-* matches myorg-foo 1`] = `"prod"`;

exports[`matchNameToAccess default map bar-prep returns prep 1`] = `"prep"`;

exports[`matchNameToAccess default map baz-test returns test 1`] = `"test"`;

exports[`matchNameToAccess default map foo-prod returns prod 1`] = `"prod"`;

exports[`matchNameToAccess exact wins over glob exact match takes precedence 1`] = `"prep"`;

exports[`matchNameToAccess first match wins first glob in order wins 1`] = `"prod"`;

exports[`matchNameToAccess negative cases returns null when no match 1`] = `null`;

exports[`matchNameToAccess negative cases returns null with empty map 1`] = `null`;
